C51 COMPILER V9.54   INTERRUPT_INT0__INT1                                                  04/02/2022 13:11:39 PAGE 1   


C51 COMPILER V9.54, COMPILATION OF MODULE INTERRUPT_INT0__INT1
OBJECT MODULE PLACED IN .\Objects\interrupt INT0、INT1.obj
COMPILER INVOKED BY: C:\Keil_v5\C51\BIN\C51.EXE interrupt INT0、INT1.c OPTIMIZE(8,SPEED) BROWSE DEBUG OBJECTEXTEND PRINT
                    -(.\Listings\interrupt INT0、INT1.lst) TABS(2) OBJECT(.\Objects\interrupt INT0、INT1.obj)

line level    source

   1          // INT0  控制第1位数码管上显示数字0
   2          // INT1  控制第3位数码管上显示数字2
   3          // 主函数控制第7位和第8位数码管上显示数字6、5 
   4          
   5          # include <reg52.h>
   6          # include <intrins.h>
   7          # define uchar unsigned char
   8          # define uint unsigned int
   9          # define dig P0 
  10          
  11            sbit key=P3^2;    //定义外部中断负跳变引脚
  12            sbit key1=P3^3;
  13            sbit LSA=P2^2;      //74LS138 定义3个引脚对数码管进行位选
  14            sbit LSB=P2^3;
  15            sbit LSC=P2^4;
  16           
  17          //阴极数码管 段选0-F
  18          uchar code table[]={0x3f  , 0x06 , 0x5b , 0x4f , 0x66 , 0x6d ,0x7d , 0x07 , 0x7f  , 0x6f , 0x77 , 0x7c ,0x
             -39 , 0x5e , 0x79 , 0x71};
  19           
  20          //延时1s函数
  21          void Delay1000ms()    //@11.0592MHz
  22          {
  23   1        unsigned char i, j, k;
  24   1      
  25   1        _nop_();
  26   1        i = 8;
  27   1        j = 1;
  28   1        k = 243;
  29   1        do
  30   1        {
  31   2          do
  32   2          {
  33   3            while (--k);
  34   3          } while (--j);
  35   2        } while (--i);
  36   1      }
  37          
  38          //延时100ms函数
  39          void Delay100ms()   //@11.0592MHz
  40          {
  41   1        unsigned char i, j;
  42   1      
  43   1        i = 180;
  44   1        j = 73;
  45   1        do
  46   1        {
  47   2          while (--j);
  48   2        } while (--i);
  49   1      }
  50          
  51          void init() 
  52          { 
  53   1        EA = 1;       //打开总中断允许位
C51 COMPILER V9.54   INTERRUPT_INT0__INT1                                                  04/02/2022 13:11:39 PAGE 2   

  54   1        EX0 = 1;      //打开外部中断0允许位
  55   1        IT0 = 1;      //设定外部中断0为负跳变触发
  56   1        EX1 = 1;      //打开外部中断1允许位
  57   1        IT1 = 1;      //设定外部中断1为负跳变触发
  58   1        PX1=1;        //定义外部中断1 优先级高于 外部中断0
  59   1      }
  60           
  61          void main()
  62          {
  63   1        init();
  64   1        while(1)
  65   1        {
  66   2          LSA=1,LSB=1,LSC=1;     //第8位数码管
  67   2          dig=table[5];         //在数码管上显示数字5
  68   2          Delay100ms();    
  69   2          dig=0x00;            //消隐     
  70   2      
  71   2          LSA=0,LSB=1,LSC=1;     //第7位数码管
  72   2          dig=table[6];         //在数码管上显示数字6
  73   2          Delay100ms();    
  74   2          dig=0x00;            //消隐       
  75   2        }
  76   1      }
  77           
  78          void ex0_intr() interrupt 0 
  79          { 
  80   1          Delay100ms();     //消抖
  81   1          if(key==0)
  82   1          {
  83   2            LSA=0,LSB=0,LSC=0;     //第1位数码管
  84   2            dig=table[0];         //在数码管上显示数字0
  85   2            Delay1000ms(); 
  86   2            dig=0x00;       //消隐 
  87   2          }
  88   1      }
  89           
  90          void ex1_intr() interrupt 2 
  91          { 
  92   1          Delay100ms();     //消抖
  93   1          if(key1==0)
  94   1          {
  95   2            LSA=0,LSB=1,LSC=0;  //第3位数码管
  96   2            dig=table[2];      //在数码管上显示数字2
  97   2            Delay1000ms();
  98   2            dig=0x00;       //消隐 
  99   2          }
 100   1      }


MODULE INFORMATION:   STATIC OVERLAYABLE
   CODE SIZE        =    190    ----
   CONSTANT SIZE    =     16    ----
   XDATA SIZE       =   ----    ----
   PDATA SIZE       =   ----    ----
   DATA SIZE        =   ----    ----
   IDATA SIZE       =   ----    ----
   BIT SIZE         =   ----    ----
END OF MODULE INFORMATION.


C51 COMPILATION COMPLETE.  0 WARNING(S),  0 ERROR(S)
